{
  "version": "1.5.0",
  "plugins_used": [
    {
      "name": "ArtifactoryDetector"
    },
    {
      "name": "AWSKeyDetector"
    },
    {
      "name": "AzureStorageKeyDetector"
    },
    {
      "name": "Base64HighEntropyString",
      "limit": 4.5
    },
    {
      "name": "BasicAuthDetector"
    },
    {
      "name": "CloudantDetector"
    },
    {
      "name": "DiscordBotTokenDetector"
    },
    {
      "name": "GitHubTokenDetector"
    },
    {
      "name": "GitLabTokenDetector"
    },
    {
      "name": "HexHighEntropyString",
      "limit": 3.0
    },
    {
      "name": "IbmCloudIamDetector"
    },
    {
      "name": "IbmCosHmacDetector"
    },
    {
      "name": "IPPublicDetector"
    },
    {
      "name": "JwtTokenDetector"
    },
    {
      "name": "KeywordDetector",
      "keyword_exclude": ""
    },
    {
      "name": "MailchimpDetector"
    },
    {
      "name": "NpmDetector"
    },
    {
      "name": "OpenAIDetector"
    },
    {
      "name": "PrivateKeyDetector"
    },
    {
      "name": "PypiTokenDetector"
    },
    {
      "name": "SendGridDetector"
    },
    {
      "name": "SlackDetector"
    },
    {
      "name": "SoftlayerDetector"
    },
    {
      "name": "SquareOAuthDetector"
    },
    {
      "name": "StripeDetector"
    },
    {
      "name": "TelegramBotTokenDetector"
    },
    {
      "name": "TwilioKeyDetector"
    }
  ],
  "filters_used": [
    {
      "path": "detect_secrets.filters.allowlist.is_line_allowlisted"
    },
    {
      "path": "detect_secrets.filters.common.is_ignored_due_to_verification_policies",
      "min_level": 2
    },
    {
      "path": "detect_secrets.filters.heuristic.is_indirect_reference"
    },
    {
      "path": "detect_secrets.filters.heuristic.is_likely_id_string"
    },
    {
      "path": "detect_secrets.filters.heuristic.is_lock_file"
    },
    {
      "path": "detect_secrets.filters.heuristic.is_not_alphanumeric_string"
    },
    {
      "path": "detect_secrets.filters.heuristic.is_potential_uuid"
    },
    {
      "path": "detect_secrets.filters.heuristic.is_prefixed_with_dollar_sign"
    },
    {
      "path": "detect_secrets.filters.heuristic.is_sequential_string"
    },
    {
      "path": "detect_secrets.filters.heuristic.is_swagger_file"
    },
    {
      "path": "detect_secrets.filters.heuristic.is_templated_secret"
    },
    {
      "path": "detect_secrets.filters.regex.should_exclude_file",
      "pattern": [
        "(package-lock\\.json|pnpm-lock\\.yaml|yarn\\.lock|\\.venv|node_modules|\\.git|\\.pnpm-store)"
      ]
    }
  ],
  "results": {
    ".agent/reports/post-backfill-shadow-final-summary.json": [
      {
        "type": "Hex High Entropy String",
        "filename": ".agent/reports/post-backfill-shadow-final-summary.json",
        "hashed_secret": "90e4c94dac83fc1c943db6fdc59d9986a2414c07",
        "is_verified": false,
        "line_number": 49
      }
    ],
    ".agent/reports/post-backfill-shadow-summary.json": [
      {
        "type": "Hex High Entropy String",
        "filename": ".agent/reports/post-backfill-shadow-summary.json",
        "hashed_secret": "90e4c94dac83fc1c943db6fdc59d9986a2414c07",
        "is_verified": false,
        "line_number": 49
      }
    ],
    ".agent/reports/shadow-traffic-main-summary.json": [
      {
        "type": "Hex High Entropy String",
        "filename": ".agent/reports/shadow-traffic-main-summary.json",
        "hashed_secret": "90e4c94dac83fc1c943db6fdc59d9986a2414c07",
        "is_verified": false,
        "line_number": 49
      }
    ],
    ".codex/skills/api-design-principles/references/rest-best-practices.md": [
      {
        "type": "Hex High Entropy String",
        "filename": ".codex/skills/api-design-principles/references/rest-best-practices.md",
        "hashed_secret": "2431dcd348f1cc7e2d70c13eed1df1ee77452bfb",
        "is_verified": false,
        "line_number": 301
      }
    ],
    ".codex/skills/api-endpoint-builder/SKILL.md": [
      {
        "type": "Secret Keyword",
        "filename": ".codex/skills/api-endpoint-builder/SKILL.md",
        "hashed_secret": "1816851d10187b57a93235b52495e615629f906d",
        "is_verified": false,
        "line_number": 270
      },
      {
        "type": "Secret Keyword",
        "filename": ".codex/skills/api-endpoint-builder/SKILL.md",
        "hashed_secret": "cbfdac6008f9cab4083784cbd1874f76618d2a97",
        "is_verified": false,
        "line_number": 285
      }
    ],
    ".codex/skills/appdeploy/SKILL.md": [
      {
        "type": "Secret Keyword",
        "filename": ".codex/skills/appdeploy/SKILL.md",
        "hashed_secret": "b83e10803fc231be0847c300aec30af9753ba3a0",
        "is_verified": false,
        "line_number": 37
      }
    ],
    ".codex/skills/comfyui-gateway/references/integration.md": [
      {
        "type": "Secret Keyword",
        "filename": ".codex/skills/comfyui-gateway/references/integration.md",
        "hashed_secret": "4dbd60cf786b3aa8124d20298b832264745f6c9d",
        "is_verified": false,
        "line_number": 363
      },
      {
        "type": "Secret Keyword",
        "filename": ".codex/skills/comfyui-gateway/references/integration.md",
        "hashed_secret": "11fa7c37d697f30e6aee828b4426a10f83ab2380",
        "is_verified": false,
        "line_number": 1200
      },
      {
        "type": "Basic Auth Credentials",
        "filename": ".codex/skills/comfyui-gateway/references/integration.md",
        "hashed_secret": "eaec42ede67acb45ff1b315b958d55b6871519ed",
        "is_verified": false,
        "line_number": 1660
      },
      {
        "type": "Basic Auth Credentials",
        "filename": ".codex/skills/comfyui-gateway/references/integration.md",
        "hashed_secret": "9d4e1e23bd5b727046a9e3b4b7db57bd8d6ee684",
        "is_verified": false,
        "line_number": 1780
      }
    ],
    ".codex/skills/comfyui-gateway/references/troubleshooting.md": [
      {
        "type": "Secret Keyword",
        "filename": ".codex/skills/comfyui-gateway/references/troubleshooting.md",
        "hashed_secret": "4dbd60cf786b3aa8124d20298b832264745f6c9d",
        "is_verified": false,
        "line_number": 500
      },
      {
        "type": "Basic Auth Credentials",
        "filename": ".codex/skills/comfyui-gateway/references/troubleshooting.md",
        "hashed_secret": "5baa61e4c9b93f3f0682250b6cf8331b7ee68fd8",
        "is_verified": false,
        "line_number": 534
      },
      {
        "type": "Secret Keyword",
        "filename": ".codex/skills/comfyui-gateway/references/troubleshooting.md",
        "hashed_secret": "36842c0e89997dd559a79194d847b3c31622b36f",
        "is_verified": false,
        "line_number": 975
      }
    ],
    ".codex/skills/docs/contributors/examples.md": [
      {
        "type": "Secret Keyword",
        "filename": ".codex/skills/docs/contributors/examples.md",
        "hashed_secret": "8f496788bffe8b052feeb2c64bbf8e38bdaec69b",
        "is_verified": false,
        "line_number": 462
      },
      {
        "type": "Secret Keyword",
        "filename": ".codex/skills/docs/contributors/examples.md",
        "hashed_secret": "6809ffccad03b80fa1fbc32c17e7e054805ec30b",
        "is_verified": false,
        "line_number": 526
      },
      {
        "type": "Secret Keyword",
        "filename": ".codex/skills/docs/contributors/examples.md",
        "hashed_secret": "5baa61e4c9b93f3f0682250b6cf8331b7ee68fd8",
        "is_verified": false,
        "line_number": 607
      }
    ],
    ".codex/skills/electron-development/SKILL.md": [
      {
        "type": "Secret Keyword",
        "filename": ".codex/skills/electron-development/SKILL.md",
        "hashed_secret": "45d676e7c6ab44cf4b8fa366ef2d8fccd3e6d6e6",
        "is_verified": false,
        "line_number": 541
      }
    ],
    ".codex/skills/fp-ts-errors/SKILL.md": [
      {
        "type": "Secret Keyword",
        "filename": ".codex/skills/fp-ts-errors/SKILL.md",
        "hashed_secret": "07f0a6c13923fc3b5f0c57ffa2d29b715eb80d71",
        "is_verified": false,
        "line_number": 372
      }
    ],
    ".codex/skills/javascript-testing-patterns/resources/implementation-playbook.md": [
      {
        "type": "Secret Keyword",
        "filename": ".codex/skills/javascript-testing-patterns/resources/implementation-playbook.md",
        "hashed_secret": "cbfdac6008f9cab4083784cbd1874f76618d2a97",
        "is_verified": false,
        "line_number": 516
      },
      {
        "type": "Secret Keyword",
        "filename": ".codex/skills/javascript-testing-patterns/resources/implementation-playbook.md",
        "hashed_secret": "9fb7fe1217aed442b04c0f5e43b5d5a7d3287097",
        "is_verified": false,
        "line_number": 650
      },
      {
        "type": "Secret Keyword",
        "filename": ".codex/skills/javascript-testing-patterns/resources/implementation-playbook.md",
        "hashed_secret": "f409ce90a1cd144912d1df8620215b2dc9fda731",
        "is_verified": false,
        "line_number": 680
      }
    ],
    ".codex/skills/k6-load-testing/SKILL.md": [
      {
        "type": "Secret Keyword",
        "filename": ".codex/skills/k6-load-testing/SKILL.md",
        "hashed_secret": "cbfdac6008f9cab4083784cbd1874f76618d2a97",
        "is_verified": false,
        "line_number": 176
      }
    ],
    ".codex/skills/python-testing-patterns/resources/implementation-playbook.md": [
      {
        "type": "Secret Keyword",
        "filename": ".codex/skills/python-testing-patterns/resources/implementation-playbook.md",
        "hashed_secret": "3acfb2c2b433c0ea7ff107e33df91b18e52f960f",
        "is_verified": false,
        "line_number": 181
      },
      {
        "type": "Secret Keyword",
        "filename": ".codex/skills/python-testing-patterns/resources/implementation-playbook.md",
        "hashed_secret": "82aeb9f3dbb0e40d4c7d9aba9afda6b2fb6d6ae0",
        "is_verified": false,
        "line_number": 447
      }
    ],
    ".codex/skills/security/aws-iam-best-practices/SKILL.md": [
      {
        "type": "AWS Access Key",
        "filename": ".codex/skills/security/aws-iam-best-practices/SKILL.md",
        "hashed_secret": "25910f981e85ca04baf359199dd0bd4a3ae738b6",
        "is_verified": false,
        "line_number": 115
      }
    ],
    ".codex/skills/security/aws-secrets-rotation/SKILL.md": [
      {
        "type": "Secret Keyword",
        "filename": ".codex/skills/security/aws-secrets-rotation/SKILL.md",
        "hashed_secret": "7205a0abf00d1daec13c63ece029057c974795a9",
        "is_verified": false,
        "line_number": 43
      },
      {
        "type": "Secret Keyword",
        "filename": ".codex/skills/security/aws-secrets-rotation/SKILL.md",
        "hashed_secret": "0e8b4f57726521bd5ef10d51ed241433f7ac42d4",
        "is_verified": false,
        "line_number": 54
      },
      {
        "type": "Secret Keyword",
        "filename": ".codex/skills/security/aws-secrets-rotation/SKILL.md",
        "hashed_secret": "847993eb735e923b407381191eac1edc02b5e6d0",
        "is_verified": false,
        "line_number": 55
      }
    ],
    "Jenkinsfile": [
      {
        "type": "Secret Keyword",
        "filename": "Jenkinsfile",
        "hashed_secret": "9a7f79efa56592abbce30d7931090671994c42b1",
        "is_verified": false,
        "line_number": 73
      },
      {
        "type": "Secret Keyword",
        "filename": "Jenkinsfile",
        "hashed_secret": "6826c5187a77db9b8fe33137134357df664399ed",
        "is_verified": false,
        "line_number": 128
      },
      {
        "type": "Secret Keyword",
        "filename": "Jenkinsfile",
        "hashed_secret": "0d594966460538824829da33778d65e3336735e3",
        "is_verified": false,
        "line_number": 169
      }
    ],
    "backend/core/schemas/config_version.py": [
      {
        "type": "Hex High Entropy String",
        "filename": "backend/core/schemas/config_version.py",
        "hashed_secret": "244f421f896bdcdd2784dccf4eaf7c8dfd5189b5",
        "is_verified": false,
        "line_number": 26
      }
    ],
    "backend/models/audit.py": [
      {
        "type": "Secret Keyword",
        "filename": "backend/models/audit.py",
        "hashed_secret": "38a798031eaff3ab8298427381dd72793935155d",
        "is_verified": false,
        "line_number": 15
      },
      {
        "type": "Secret Keyword",
        "filename": "backend/models/audit.py",
        "hashed_secret": "0723938e02603ea75c23f270fc1107b3ecfea372",
        "is_verified": false,
        "line_number": 16
      },
      {
        "type": "Secret Keyword",
        "filename": "backend/models/audit.py",
        "hashed_secret": "270b0f22136ff61c1dfb2224f51c8a8ae925dcab",
        "is_verified": false,
        "line_number": 17
      }
    ],
    "backend/scripts/update_to_sql_auth.ps1": [
      {
        "type": "Secret Keyword",
        "filename": "backend/scripts/update_to_sql_auth.ps1",
        "hashed_secret": "45d676e7c6ab44cf4b8fa366ef2d8fccd3e6d6e6",
        "is_verified": false,
        "line_number": 15
      }
    ],
    "backend/services/enterprise_audit.py": [
      {
        "type": "Secret Keyword",
        "filename": "backend/services/enterprise_audit.py",
        "hashed_secret": "0e698af27b37767a10f36213f01341d6db447bed",
        "is_verified": false,
        "line_number": 82
      }
    ],
    "backend/tests/api/test_auth.py": [
      {
        "type": "Secret Keyword",
        "filename": "backend/tests/api/test_auth.py",
        "hashed_secret": "e5e9fa1ba31ecd1ae84f75caaa474f3a663f05f4",
        "is_verified": false,
        "line_number": 55
      },
      {
        "type": "Secret Keyword",
        "filename": "backend/tests/api/test_auth.py",
        "hashed_secret": "cbfdac6008f9cab4083784cbd1874f76618d2a97",
        "is_verified": false,
        "line_number": 158
      },
      {
        "type": "Secret Keyword",
        "filename": "backend/tests/api/test_auth.py",
        "hashed_secret": "f409ce90a1cd144912d1df8620215b2dc9fda731",
        "is_verified": false,
        "line_number": 178
      }
    ],
    "backend/tests/api/test_auth_api.py": [
      {
        "type": "Secret Keyword",
        "filename": "backend/tests/api/test_auth_api.py",
        "hashed_secret": "c30f43204b8b804964f17974c2d506fdc7b8fa4f",
        "is_verified": false,
        "line_number": 19
      },
      {
        "type": "Secret Keyword",
        "filename": "backend/tests/api/test_auth_api.py",
        "hashed_secret": "304cf2dd4db8ef77286e8d9b2f131b582cd69ddd",
        "is_verified": false,
        "line_number": 22
      },
      {
        "type": "Secret Keyword",
        "filename": "backend/tests/api/test_auth_api.py",
        "hashed_secret": "e8662cfb96bd9c7fe84c31d76819ec3a92c80e63",
        "is_verified": false,
        "line_number": 152
      }
    ],
    "backend/tests/api/test_mapping_api.py": [
      {
        "type": "Secret Keyword",
        "filename": "backend/tests/api/test_mapping_api.py",
        "hashed_secret": "5baa61e4c9b93f3f0682250b6cf8331b7ee68fd8",
        "is_verified": false,
        "line_number": 53
      }
    ],
    "backend/tests/api/test_pin_auth_api.py": [
      {
        "type": "Secret Keyword",
        "filename": "backend/tests/api/test_pin_auth_api.py",
        "hashed_secret": "5baa61e4c9b93f3f0682250b6cf8331b7ee68fd8",
        "is_verified": false,
        "line_number": 176
      }
    ],
    "backend/tests/api/test_user_management_api.py": [
      {
        "type": "Secret Keyword",
        "filename": "backend/tests/api/test_user_management_api.py",
        "hashed_secret": "cbfdac6008f9cab4083784cbd1874f76618d2a97",
        "is_verified": false,
        "line_number": 63
      },
      {
        "type": "Secret Keyword",
        "filename": "backend/tests/api/test_user_management_api.py",
        "hashed_secret": "8a2417ef9f0429263f24c8803d3545186167ad47",
        "is_verified": false,
        "line_number": 152
      }
    ],
    "backend/tests/conftest.py": [
      {
        "type": "Secret Keyword",
        "filename": "backend/tests/conftest.py",
        "hashed_secret": "6fead62d1ebba0e2aa4097aa1de8282a57e6c343",
        "is_verified": false,
        "line_number": 23
      },
      {
        "type": "Secret Keyword",
        "filename": "backend/tests/conftest.py",
        "hashed_secret": "8d57fbd6b892ed5897281d1ac3f8beab79e568c0",
        "is_verified": false,
        "line_number": 24
      }
    ],
    "backend/tests/evaluation/conftest.py": [
      {
        "type": "Secret Keyword",
        "filename": "backend/tests/evaluation/conftest.py",
        "hashed_secret": "6fead62d1ebba0e2aa4097aa1de8282a57e6c343",
        "is_verified": false,
        "line_number": 31
      }
    ],
    "backend/tests/evaluation/evaluators.py": [
      {
        "type": "Secret Keyword",
        "filename": "backend/tests/evaluation/evaluators.py",
        "hashed_secret": "569ecf292a93c53b3747714b4e37054b6fae5002",
        "is_verified": false,
        "line_number": 512
      }
    ],
    "backend/tests/evaluation/test_api_performance.py": [
      {
        "type": "Secret Keyword",
        "filename": "backend/tests/evaluation/test_api_performance.py",
        "hashed_secret": "382caa7c44ee23ee25616f7e303af33c591efc3a",
        "is_verified": false,
        "line_number": 84
      },
      {
        "type": "Secret Keyword",
        "filename": "backend/tests/evaluation/test_api_performance.py",
        "hashed_secret": "f865b53623b121fd34ee5426c792e5c33af8c227",
        "is_verified": false,
        "line_number": 89
      },
      {
        "type": "Secret Keyword",
        "filename": "backend/tests/evaluation/test_api_performance.py",
        "hashed_secret": "29d879abae95215daa1ec2af4e01e3fafb94ebd6",
        "is_verified": false,
        "line_number": 322
      }
    ],
    "backend/tests/evaluation/test_data_quality.py": [
      {
        "type": "Secret Keyword",
        "filename": "backend/tests/evaluation/test_data_quality.py",
        "hashed_secret": "f409ce90a1cd144912d1df8620215b2dc9fda731",
        "is_verified": false,
        "line_number": 63
      }
    ],
    "backend/tests/evaluation/test_security_evaluation.py": [
      {
        "type": "Secret Keyword",
        "filename": "backend/tests/evaluation/test_security_evaluation.py",
        "hashed_secret": "a4b48a81cdab1e1a5dd37907d6c85ca1c61ddc7c",
        "is_verified": false,
        "line_number": 34
      },
      {
        "type": "Secret Keyword",
        "filename": "backend/tests/evaluation/test_security_evaluation.py",
        "hashed_secret": "cbfdac6008f9cab4083784cbd1874f76618d2a97",
        "is_verified": false,
        "line_number": 272
      },
      {
        "type": "Secret Keyword",
        "filename": "backend/tests/evaluation/test_security_evaluation.py",
        "hashed_secret": "e8662cfb96bd9c7fe84c31d76819ec3a92c80e63",
        "is_verified": false,
        "line_number": 460
      }
    ],
    "backend/tests/evaluation/test_workflow.py": [
      {
        "type": "Secret Keyword",
        "filename": "backend/tests/evaluation/test_workflow.py",
        "hashed_secret": "f865b53623b121fd34ee5426c792e5c33af8c227",
        "is_verified": false,
        "line_number": 55
      },
      {
        "type": "Secret Keyword",
        "filename": "backend/tests/evaluation/test_workflow.py",
        "hashed_secret": "f968a0c6f931ad4eff745eb5a4ae51bb17cd2fd3",
        "is_verified": false,
        "line_number": 93
      },
      {
        "type": "Secret Keyword",
        "filename": "backend/tests/evaluation/test_workflow.py",
        "hashed_secret": "98e540ffae8223c143f1453da4c8604ca943213e",
        "is_verified": false,
        "line_number": 161
      },
      {
        "type": "Secret Keyword",
        "filename": "backend/tests/evaluation/test_workflow.py",
        "hashed_secret": "65d69f05cbdc1d292cb38899177810afaa03f7d0",
        "is_verified": false,
        "line_number": 200
      },
      {
        "type": "Secret Keyword",
        "filename": "backend/tests/evaluation/test_workflow.py",
        "hashed_secret": "5946c718d34e9bb8116a9e61f68bda7a7db08e7d",
        "is_verified": false,
        "line_number": 283
      },
      {
        "type": "Secret Keyword",
        "filename": "backend/tests/evaluation/test_workflow.py",
        "hashed_secret": "f0c0bf1327cd525450d8e278cdc1605f6e514c6d",
        "is_verified": false,
        "line_number": 372
      },
      {
        "type": "Secret Keyword",
        "filename": "backend/tests/evaluation/test_workflow.py",
        "hashed_secret": "b1b89e60a566d3e9db15d8a5dacdd344385d66e5",
        "is_verified": false,
        "line_number": 444
      }
    ],
    "backend/tests/services/test_refresh_token_service.py": [
      {
        "type": "Secret Keyword",
        "filename": "backend/tests/services/test_refresh_token_service.py",
        "hashed_secret": "fe1bae27cb7c1fb823f496f286e78f1d2ae87734",
        "is_verified": false,
        "line_number": 10
      }
    ],
    "backend/tests/test_admin_control_api.py": [
      {
        "type": "Secret Keyword",
        "filename": "backend/tests/test_admin_control_api.py",
        "hashed_secret": "f054ffc85b4c1615a7190ea0b248564bb1e9f9ab",
        "is_verified": false,
        "line_number": 136
      }
    ],
    "backend/tests/test_api_warehouses_manual.py": [
      {
        "type": "Secret Keyword",
        "filename": "backend/tests/test_api_warehouses_manual.py",
        "hashed_secret": "cbfdac6008f9cab4083784cbd1874f76618d2a97",
        "is_verified": false,
        "line_number": 16
      }
    ],
    "backend/tests/test_auth.py": [
      {
        "type": "Secret Keyword",
        "filename": "backend/tests/test_auth.py",
        "hashed_secret": "c807f23ef9c6104dd0efa59883bb564f034ba4e7",
        "is_verified": false,
        "line_number": 34
      },
      {
        "type": "Secret Keyword",
        "filename": "backend/tests/test_auth.py",
        "hashed_secret": "f865b53623b121fd34ee5426c792e5c33af8c227",
        "is_verified": false,
        "line_number": 47
      },
      {
        "type": "Secret Keyword",
        "filename": "backend/tests/test_auth.py",
        "hashed_secret": "81f344a7686a80b4c5293e8fdc0b0160c82c06a8",
        "is_verified": false,
        "line_number": 75
      }
    ],
    "backend/tests/test_auth_cookie_support.py": [
      {
        "type": "Secret Keyword",
        "filename": "backend/tests/test_auth_cookie_support.py",
        "hashed_secret": "5d43e3169f06cf2a04a0ee870b5ac2aff3c558ff",
        "is_verified": false,
        "line_number": 24
      }
    ],
    "backend/tests/test_auth_path.py": [
      {
        "type": "Secret Keyword",
        "filename": "backend/tests/test_auth_path.py",
        "hashed_secret": "5baa61e4c9b93f3f0682250b6cf8331b7ee68fd8",
        "is_verified": false,
        "line_number": 9
      }
    ],
    "backend/tests/test_auth_utils.py": [
      {
        "type": "Secret Keyword",
        "filename": "backend/tests/test_auth_utils.py",
        "hashed_secret": "c18006fc138809314751cd1991f1e0b820fabd37",
        "is_verified": false,
        "line_number": 14
      },
      {
        "type": "Secret Keyword",
        "filename": "backend/tests/test_auth_utils.py",
        "hashed_secret": "d8ecf7db8fc9ec9c31bc5c9ae2929cc599c75f8d",
        "is_verified": false,
        "line_number": 24
      },
      {
        "type": "Secret Keyword",
        "filename": "backend/tests/test_auth_utils.py",
        "hashed_secret": "8bb6118f8fd6935ad0876a3be34a717d32708ffd",
        "is_verified": false,
        "line_number": 41
      }
    ],
    "backend/tests/test_db_connection.py": [
      {
        "type": "Secret Keyword",
        "filename": "backend/tests/test_db_connection.py",
        "hashed_secret": "5baa61e4c9b93f3f0682250b6cf8331b7ee68fd8",
        "is_verified": false,
        "line_number": 58
      }
    ],
    "backend/tests/test_enhanced_connection_pool.py": [
      {
        "type": "Secret Keyword",
        "filename": "backend/tests/test_enhanced_connection_pool.py",
        "hashed_secret": "9fb7fe1217aed442b04c0f5e43b5d5a7d3287097",
        "is_verified": false,
        "line_number": 27
      }
    ],
    "backend/tests/test_enterprise_stabilization.py": [
      {
        "type": "Secret Keyword",
        "filename": "backend/tests/test_enterprise_stabilization.py",
        "hashed_secret": "49efef5f70d47adc2db2eb397fbef5f7bc560e29",
        "is_verified": false,
        "line_number": 54
      }
    ],
    "backend/tests/test_integration.py": [
      {
        "type": "Secret Keyword",
        "filename": "backend/tests/test_integration.py",
        "hashed_secret": "f865b53623b121fd34ee5426c792e5c33af8c227",
        "is_verified": false,
        "line_number": 26
      },
      {
        "type": "Secret Keyword",
        "filename": "backend/tests/test_integration.py",
        "hashed_secret": "382caa7c44ee23ee25616f7e303af33c591efc3a",
        "is_verified": false,
        "line_number": 34
      }
    ],
    "backend/tests/test_integration_api.py": [
      {
        "type": "Secret Keyword",
        "filename": "backend/tests/test_integration_api.py",
        "hashed_secret": "f865b53623b121fd34ee5426c792e5c33af8c227",
        "is_verified": false,
        "line_number": 71
      },
      {
        "type": "Secret Keyword",
        "filename": "backend/tests/test_integration_api.py",
        "hashed_secret": "a4b48a81cdab1e1a5dd37907d6c85ca1c61ddc7c",
        "is_verified": false,
        "line_number": 81
      }
    ],
    "backend/tests/test_performance.py": [
      {
        "type": "Secret Keyword",
        "filename": "backend/tests/test_performance.py",
        "hashed_secret": "f865b53623b121fd34ee5426c792e5c33af8c227",
        "is_verified": false,
        "line_number": 69
      },
      {
        "type": "Secret Keyword",
        "filename": "backend/tests/test_performance.py",
        "hashed_secret": "382caa7c44ee23ee25616f7e303af33c591efc3a",
        "is_verified": false,
        "line_number": 77
      }
    ],
    "backend/tests/test_pin_auth.py": [
      {
        "type": "Secret Keyword",
        "filename": "backend/tests/test_pin_auth.py",
        "hashed_secret": "49efef5f70d47adc2db2eb397fbef5f7bc560e29",
        "is_verified": false,
        "line_number": 46
      }
    ],
    "backend/tests/test_remediation_group2_conflict_merge.py": [
      {
        "type": "Hex High Entropy String",
        "filename": "backend/tests/test_remediation_group2_conflict_merge.py",
        "hashed_secret": "960903f95946e89e7a21ab56be937700ab2fcc15",
        "is_verified": false,
        "line_number": 27
      }
    ],
    "backend/tests/test_sync.py": [
      {
        "type": "Secret Keyword",
        "filename": "backend/tests/test_sync.py",
        "hashed_secret": "1363d4641c5b52056c9998d640d0757ffed1505a",
        "is_verified": false,
        "line_number": 27
      }
    ],
    "backend/tests/test_sync_conflicts_service.py": [
      {
        "type": "Hex High Entropy String",
        "filename": "backend/tests/test_sync_conflicts_service.py",
        "hashed_secret": "960903f95946e89e7a21ab56be937700ab2fcc15",
        "is_verified": false,
        "line_number": 22
      },
      {
        "type": "Hex High Entropy String",
        "filename": "backend/tests/test_sync_conflicts_service.py",
        "hashed_secret": "3f5f77f57177e7a59cd3b41997689b30aa868b05",
        "is_verified": false,
        "line_number": 68
      },
      {
        "type": "Hex High Entropy String",
        "filename": "backend/tests/test_sync_conflicts_service.py",
        "hashed_secret": "762969641215c5262673180e000a31cd9894523c",
        "is_verified": false,
        "line_number": 152
      }
    ],
    "backend/tests/test_validation.py": [
      {
        "type": "Hex High Entropy String",
        "filename": "backend/tests/test_validation.py",
        "hashed_secret": "960903f95946e89e7a21ab56be937700ab2fcc15",
        "is_verified": false,
        "line_number": 108
      }
    ],
    "backend/tests/verify_integration_flow.py": [
      {
        "type": "Secret Keyword",
        "filename": "backend/tests/verify_integration_flow.py",
        "hashed_secret": "5d43e3169f06cf2a04a0ee870b5ac2aff3c558ff",
        "is_verified": false,
        "line_number": 20
      }
    ],
    "backend/utils/env_validation.py": [
      {
        "type": "Secret Keyword",
        "filename": "backend/utils/env_validation.py",
        "hashed_secret": "9d2e9f53090e384565e377263750d73eb220ded1",
        "is_verified": false,
        "line_number": 34
      },
      {
        "type": "Secret Keyword",
        "filename": "backend/utils/env_validation.py",
        "hashed_secret": "dfac795b393e84127c2e0af016ba4c621f7b41f8",
        "is_verified": false,
        "line_number": 35
      }
    ],
    "docs/API_REFERENCE.md": [
      {
        "type": "Secret Keyword",
        "filename": "docs/API_REFERENCE.md",
        "hashed_secret": "cbfdac6008f9cab4083784cbd1874f76618d2a97",
        "is_verified": false,
        "line_number": 23
      },
      {
        "type": "Hex High Entropy String",
        "filename": "docs/API_REFERENCE.md",
        "hashed_secret": "16dc84f83e43247da5f843003ff0c2ab2c00644d",
        "is_verified": false,
        "line_number": 143
      },
      {
        "type": "Hex High Entropy String",
        "filename": "docs/API_REFERENCE.md",
        "hashed_secret": "0be0cb01d4f2b88c072ee2afd3c353f245045c1c",
        "is_verified": false,
        "line_number": 341
      }
    ],
    "frontend/app/admin/dashboard-web.tsx": [
      {
        "type": "Secret Keyword",
        "filename": "frontend/app/admin/dashboard-web.tsx",
        "hashed_secret": "754a08ddf8bcb1cf22f310f09206dd783d42f7dd",
        "is_verified": false,
        "line_number": 372
      }
    ],
    "frontend/app/register.tsx": [
      {
        "type": "Secret Keyword",
        "filename": "frontend/app/register.tsx",
        "hashed_secret": "c017527b229f308f8ee200eb3139ddb9f11f97da",
        "is_verified": false,
        "line_number": 77
      },
      {
        "type": "Secret Keyword",
        "filename": "frontend/app/register.tsx",
        "hashed_secret": "d69c3b1ac54be7da3666d9937b9c78e7c309d6e8",
        "is_verified": false,
        "line_number": 80
      }
    ],
    "frontend/e2e/auth.spec.ts": [
      {
        "type": "Secret Keyword",
        "filename": "frontend/e2e/auth.spec.ts",
        "hashed_secret": "d8ecf7db8fc9ec9c31bc5c9ae2929cc599c75f8d",
        "is_verified": false,
        "line_number": 262
      }
    ],
    "frontend/e2e/helpers/auth.ts": [
      {
        "type": "Secret Keyword",
        "filename": "frontend/e2e/helpers/auth.ts",
        "hashed_secret": "5d43e3169f06cf2a04a0ee870b5ac2aff3c558ff",
        "is_verified": false,
        "line_number": 24
      },
      {
        "type": "Secret Keyword",
        "filename": "frontend/e2e/helpers/auth.ts",
        "hashed_secret": "1363d4641c5b52056c9998d640d0757ffed1505a",
        "is_verified": false,
        "line_number": 25
      },
      {
        "type": "Secret Keyword",
        "filename": "frontend/e2e/helpers/auth.ts",
        "hashed_secret": "f865b53623b121fd34ee5426c792e5c33af8c227",
        "is_verified": false,
        "line_number": 26
      }
    ],
    "frontend/e2e/recount-assignment-ui.spec.ts": [
      {
        "type": "Secret Keyword",
        "filename": "frontend/e2e/recount-assignment-ui.spec.ts",
        "hashed_secret": "3f0f5316097d6590bbfe362c2d49ab864a9563c8",
        "is_verified": false,
        "line_number": 130
      }
    ],
    "frontend/e2e/settings-notifications-smoke.spec.ts": [
      {
        "type": "JSON Web Token",
        "filename": "frontend/e2e/settings-notifications-smoke.spec.ts",
        "hashed_secret": "56483c8b94ad82681b084938064241199b739f42",
        "is_verified": false,
        "line_number": 18
      },
      {
        "type": "JSON Web Token",
        "filename": "frontend/e2e/settings-notifications-smoke.spec.ts",
        "hashed_secret": "2d910b87f5a9b2f5a5cf9e777845ff8e9b520b77",
        "is_verified": false,
        "line_number": 20
      },
      {
        "type": "JSON Web Token",
        "filename": "frontend/e2e/settings-notifications-smoke.spec.ts",
        "hashed_secret": "a843eff812ffeead98e479edabedb333852a3e0c",
        "is_verified": false,
        "line_number": 22
      }
    ],
    "frontend/src/components/admin/dashboard/DashboardPanels.tsx": [
      {
        "type": "Secret Keyword",
        "filename": "frontend/src/components/admin/dashboard/DashboardPanels.tsx",
        "hashed_secret": "754a08ddf8bcb1cf22f310f09206dd783d42f7dd",
        "is_verified": false,
        "line_number": 196
      }
    ],
    "frontend/src/features/auth/hooks/useLoginFlow.ts": [
      {
        "type": "Secret Keyword",
        "filename": "frontend/src/features/auth/hooks/useLoginFlow.ts",
        "hashed_secret": "6c56a9249cba324d029f725f1f7c0e47184e2dcf",
        "is_verified": false,
        "line_number": 196
      }
    ],
    "ios/STOCKVERIFY2dbmaped.xcodeproj/xcshareddata/xcschemes/STOCKVERIFY2dbmaped.xcscheme": [
      {
        "type": "Hex High Entropy String",
        "filename": "ios/STOCKVERIFY2dbmaped.xcodeproj/xcshareddata/xcschemes/STOCKVERIFY2dbmaped.xcscheme",
        "hashed_secret": "6760dd79e63f3070b115309c8e3f331873583739",
        "is_verified": false,
        "line_number": 17
      },
      {
        "type": "Hex High Entropy String",
        "filename": "ios/STOCKVERIFY2dbmaped.xcodeproj/xcshareddata/xcschemes/STOCKVERIFY2dbmaped.xcscheme",
        "hashed_secret": "c78ea0988e30ec61d324ae7e3b801d142e54c7e8",
        "is_verified": false,
        "line_number": 35
      }
    ],
    "k8s/deployment.yaml": [
      {
        "type": "Secret Keyword",
        "filename": "k8s/deployment.yaml",
        "hashed_secret": "4c9e7471785bed1f555895f40a2cbd2fe6de69cf",
        "is_verified": false,
        "line_number": 92
      }
    ],
    "k8s/ingress.yaml": [
      {
        "type": "Secret Keyword",
        "filename": "k8s/ingress.yaml",
        "hashed_secret": "fc5a036c84980c398db586f2f82a73680de7bc16",
        "is_verified": false,
        "line_number": 16
      }
    ],
    "reports/gito/code-review-report.json": [
      {
        "type": "Hex High Entropy String",
        "filename": "reports/gito/code-review-report.json",
        "hashed_secret": "42f79e352bc408e7c49edb6946a894e8960b37af",
        "is_verified": false,
        "line_number": 457
      }
    ],
    "reports/gito/full-codebase/code-review-report.json": [
      {
        "type": "Hex High Entropy String",
        "filename": "reports/gito/full-codebase/code-review-report.json",
        "hashed_secret": "42f79e352bc408e7c49edb6946a894e8960b37af",
        "is_verified": false,
        "line_number": 5297
      }
    ],
    "scripts/setup_sql_and_sync.sh": [
      {
        "type": "Secret Keyword",
        "filename": "scripts/setup_sql_and_sync.sh",
        "hashed_secret": "f865b53623b121fd34ee5426c792e5c33af8c227",
        "is_verified": false,
        "line_number": 157
      }
    ],
    "scripts/test_admin_api.py": [
      {
        "type": "Secret Keyword",
        "filename": "scripts/test_admin_api.py",
        "hashed_secret": "f865b53623b121fd34ee5426c792e5c33af8c227",
        "is_verified": false,
        "line_number": 12
      }
    ],
    "scripts/test_login_manual.py": [
      {
        "type": "Secret Keyword",
        "filename": "scripts/test_login_manual.py",
        "hashed_secret": "f865b53623b121fd34ee5426c792e5c33af8c227",
        "is_verified": false,
        "line_number": 7
      }
    ]
  },
  "generated_at": "2026-08-01T04:22:40Z"
}
